// Jest Snapshot v1, https://goo.gl/fbAQLP

exports[`queries ping 1`] = `
Object {
  "data": Object {
    "ping": "Pong!",
  },
  "errors": undefined,
  "extensions": undefined,
  "http": Object {
    "headers": Headers {
      Symbol(map): Object {},
    },
  },
}
`;
